// Vitest Snapshot v1, https://vitest.dev/guide/snapshot.html

exports[`Wrap Mastra instance > should wrap Mastra instance in ./__fixtures__/basic.js 1`] = `
"import { createLogger } from '@mastra/core/logger';
import { Mastra } from '@mastra/core/mastra';
import { createApiRoute } from '@mastra/core/server';
import { TestDeployer } from '@mastra/deployer/test';
import { PostgresStore } from '@mastra/pg';
import { weatherAgent } from '@/agents';

const mastra = () => new Mastra({
  agents: {
    weatherAgent
  },
  storage: new PostgresStore({
    connectionString: process.env.DATABASE_URL
  }),
  logger: createLogger({
    name: "Mastra",
    level: "info"
  }),
  server: {
    port: 3e3,
    timeout: 5e3,
    apiRoutes: [createApiRoute({
      path: "/hello",
      method: "get",
      handler: async (req, res) => {
        res.send("Hello World");
      }
    })]
  },
  deployer: new TestDeployer()
});

export { mastra };
"
`;

exports[`Wrap Mastra instance > should wrap Mastra instance in ./__fixtures__/empty-mastra.js 1`] = `
"import { Mastra } from '@mastra/core/mastra';

const mastra = () => new Mastra();

export { mastra };
"
`;
